// Jest Snapshot v1, https://goo.gl/fbAQLP

exports[`Home should render correctly 1`] = `
<JumboContent
  buttonHref="#/contact"
  buttonText="View Contacts"
  description="This application will list contacts in a tabular format. You can also view details of each contact in the table using its link in the 'Name' column. Enjoy the application and come back often."
  title="Home Page"
/>
`;
