// Jest Snapshot v1, https://goo.gl/fbAQLP

exports[`PageHeaderContent should render correctly 1`] = `
<PageHeader
  bsClass="page-header"
>
  mockTitle
   
  <small>
    <a
      href="mailto:mock@email.com"
    >
      mock@email.com
    </a>
  </small>
  <span
    className="pull-right"
  >
    <Button
      active={false}
      block={false}
      bsClass="btn"
      bsStyle="primary"
      disabled={false}
      href="/#/contact"
    >
      <Glyphicon
        bsClass="glyphicon"
        glyph="arrow-left"
      />
       Back to Contacts
    </Button>
  </span>
</PageHeader>
`;
