// Jest Snapshot v1, https://goo.gl/fbAQLP

exports[`TableHeader should render correctly 1`] = `
<div>
  <div
    className="commonTableHeader"
  >
    <span
      className="tableTitle text-nowrap"
    >
      MockHeader
    </span>
    <ButtonToolbar
      bsClass="btn-toolbar"
      className="rightContent"
    />
  </div>
  <span
    className="tableTitle"
  >
    <div />
  </span>
</div>
`;
